// Jest Snapshot v1, https://goo.gl/fbAQLP

exports[`renders as expected 1`] = `
<View
  onLayout={[Function]}
  style={
    Object {
      "alignItems": "center",
      "backgroundColor": "#000",
      "flex": 1,
      "justifyContent": "center",
    }
  }
>
  <FloatingNav />
  <View
    style={
      Object {
        "alignItems": "center",
        "backgroundColor": "#000",
        "flex": 1,
        "justifyContent": "center",
      }
    }
  >
    <Text
      style={
        Array [
          Object {
            "color": "#0f0",
            "marginBottom": 8,
            "marginHorizontal": 16,
            "marginTop": 20,
            "textAlign": "center",
          },
          Object {
            "fontSize": 0,
          },
        ]
      }
    >
      Press a button below to get a suggestion
    </Text>
  </View>
  <View
    style={
      Object {
        "alignItems": "center",
        "display": "flex",
        "flex": 1,
        "flexDirection": "row",
        "justifyContent": "space-between",
        "maxHeight": 140,
        "maxWidth": 500,
      }
    }
  >
    <Button
      onPress={[Function]}
      style={
        Object {
          "flex": 1,
          "marginHorizontal": 16,
        }
      }
    >
      Relationship
    </Button>
    <Button
      onPress={[Function]}
      style={
        Object {
          "flex": 1,
          "marginHorizontal": 16,
        }
      }
    >
      Occupation
    </Button>
  </View>
</View>
`;
