// Jest Snapshot v1, https://goo.gl/fbAQLP

exports[`renders as expected 1`] = `
<View
  className={
    Object {
      "alignItems": "center",
      "flex": 1,
      "justifyContent": "center",
    }
  }
>
  <Text
    className={Object {}}
  >
    0
  </Text>
  <Button
    icon={[Function]}
    mode="contained"
  />
</View>
`;

exports[`renders as expected 2`] = `
<View
  className={
    Object {
      "alignItems": "center",
      "flex": 1,
      "justifyContent": "center",
    }
  }
>
  <Text
    className={Object {}}
  >
    1
  </Text>
  <Button
    icon={[Function]}
    mode="contained"
  />
</View>
`;
