// Jest Snapshot v1, https://goo.gl/fbAQLP

exports[`renders as expected 1`] = `
<View
  style={
    Object {
      "left": 16,
      "position": "absolute",
      "top": 36,
    }
  }
>
  <Text />
</View>
`;
